Flutter crash report.
Please report a bug at https://github.com/flutter/flutter/issues.

## command

flutter --quiet assemble --no-version-check --depfile D:\astria\Ping Parent\pp-mobile-user\build\app\intermediates\flutter\debug/flutter_build.d --output D:\astria\Ping Parent\pp-mobile-user\build\app\intermediates\flutter\debug -dTargetFile=D:\astria\Ping Parent\pp-mobile-user\lib\main.dart -dTargetPlatform=android -dBuildMode=debug -dTrackWidgetCreation=true --DartDefines=RkxVVFRFUl9WRVJTSU9OPTMuMzguNQ==,RkxVVFRFUl9DSEFOTkVMPXN0YWJsZQ==,RkxVVFRFUl9HSVRfVVJMPWh0dHBzOi8vZ2l0aHViLmNvbS9mbHV0dGVyL2ZsdXR0ZXIuZ2l0,RkxVVFRFUl9GUkFNRVdPUktfUkVWSVNJT049ZjZmZjE1MjlmZA==,RkxVVFRFUl9FTkdJTkVfUkVWSVNJT049MTUyN2FlMGVjNQ==,RkxVVFRFUl9EQVJUX1ZFUlNJT049My4xMC40 -dFlavor= -dAndroidArchs=android-arm64 -dMinSdkVersion=24 debug_android_application

## exception

ProcessPackageException: ProcessException: The paging file is too small for this operation to complete (at ../../runtime/bin/process_win.cc:554)
  Command: cmd.exe /c ver

```
#0      LocalProcessManager.runSync (package:process/src/interface/local_process_manager.dart:118:7)
#1      ErrorHandlingProcessManager.runSync.<anonymous closure> (package:flutter_tools/src/base/error_handling_io.dart:680:26)
#2      _runSync (package:flutter_tools/src/base/error_handling_io.dart:552:14)
#3      ErrorHandlingProcessManager.runSync (package:flutter_tools/src/base/error_handling_io.dart:678:12)
#4      _WindowsUtils.name (package:flutter_tools/src/base/os.dart:576:52)
#5      _DefaultUsage.initialize (package:flutter_tools/src/reporting/usage.dart:186:93)
#6      new Usage (package:flutter_tools/src/reporting/usage.dart:20:23)
#7      runInContext.<anonymous closure> (package:flutter_tools/src/context_runner.dart:315:20)
#8      AppContext._generateIfNecessary.<anonymous closure> (package:flutter_tools/src/base/context.dart:108:42)
#9      _LinkedHashMapMixin.putIfAbsent (dart:_compact_hash:675:23)
#10     AppContext._generateIfNecessary (package:flutter_tools/src/base/context.dart:95:20)
#11     AppContext.get (package:flutter_tools/src/base/context.dart:125:32)
#12     AppContext.get (package:flutter_tools/src/base/context.dart:123:23)
#13     AppContext.get (package:flutter_tools/src/base/context.dart:123:23)
#14     flutterUsage (package:flutter_tools/src/globals.dart:76:35)
#15     new CommandResultEvent (package:flutter_tools/src/reporting/events.dart:181:35)
#16     FlutterCommand._sendPostUsage (package:flutter_tools/src/runner/flutter_command.dart:1786:5)
#17     FlutterCommand.run.<anonymous closure> (package:flutter_tools/src/runner/flutter_command.dart:1569:13)
<asynchronous suspension>
#18     AppContext.run.<anonymous closure> (package:flutter_tools/src/base/context.dart:154:19)
<asynchronous suspension>
#19     CommandRunner.runCommand (package:args/command_runner.dart:212:13)
<asynchronous suspension>
#20     FlutterCommandRunner.runCommand.<anonymous closure> (package:flutter_tools/src/runner/flutter_command_runner.dart:487:9)
<asynchronous suspension>
#21     AppContext.run.<anonymous closure> (package:flutter_tools/src/base/context.dart:154:19)
<asynchronous suspension>
#22     FlutterCommandRunner.runCommand (package:flutter_tools/src/runner/flutter_command_runner.dart:422:5)
<asynchronous suspension>
#23     run.<anonymous closure>.<anonymous closure> (package:flutter_tools/runner.dart:104:11)
<asynchronous suspension>
#24     AppContext.run.<anonymous closure> (package:flutter_tools/src/base/context.dart:154:19)
<asynchronous suspension>
#25     main (package:flutter_tools/executable.dart:103:3)
<asynchronous suspension>
```

## flutter doctor

```
[✓] Flutter (Channel stable, 3.38.5, on Microsoft Windows [Version 10.0.26200.7840], locale en-IN) [427ms]
    • Flutter version 3.38.5 on channel stable at D:\sdk\flutter
    • Upstream repository https://github.com/flutter/flutter.git
    • Framework revision f6ff1529fd (3 months ago), 2025-12-11 11:50:07 -0500
    • Engine revision 1527ae0ec5
    • Dart version 3.10.4
    • DevTools version 2.51.1
    • Feature flags: enable-web, enable-linux-desktop, enable-macos-desktop, enable-windows-desktop, enable-android, enable-ios, cli-animations, enable-native-assets, omit-legacy-version-file, enable-lldb-debugging

[✓] Windows Version (Windows 11 or higher, 25H2, 2009) [3.9s]

[✓] Android toolchain - develop for Android devices (Android SDK version 36.1.0) [9.7s]
    • Android SDK at C:\Users\gowth\AppData\Local\Android\sdk
    • Emulator version 36.4.9.0 (build_id 14788078) (CL:N/A)
    • Platform android-36, build-tools 36.1.0
    • Java binary at: C:\Program Files\Android\Android Studio\jbr\bin\java
      This is the JDK bundled with the latest Android Studio installation on this machine.
      To manually set the JDK path, use: `flutter config --jdk-dir="path/to/jdk"`.
    • Java version OpenJDK Runtime Environment (build 21.0.7+-13880790-b1038.58)
    • All Android licenses accepted.

[✓] Chrome - develop for the web [26ms]
    • Chrome at C:\Program Files\Google\Chrome\Application\chrome.exe

[✗] Visual Studio - develop Windows apps [22ms]
    ✗ Visual Studio not installed; this is necessary to develop Windows apps.
      Download at https://visualstudio.microsoft.com/downloads/.
      Please install the "Desktop development with C++" workload, including all of its default components

[✓] Connected device (4 available) [1,075ms]
    • Pixel 7a (mobile) • 44061JEHN12510 • android-arm64  • Android 16 (API 36)
    • Windows (desktop) • windows        • windows-x64    • Microsoft Windows [Version 10.0.26200.7840]
    • Chrome (web)      • chrome         • web-javascript • Google Chrome 145.0.7632.117
    • Edge (web)        • edge           • web-javascript • Microsoft Edge 145.0.3800.70

[✓] Network resources [563ms]
    • All expected network resources are available.

! Doctor found issues in 1 category.
```
