#
# There is insufficient memory for the Java Runtime Environment to continue.
# Native memory allocation (mmap) failed to map 201326592 bytes. Error detail: G1 virtual space
# Possible reasons:
#   The system is out of physical RAM or swap space
#   This process is running with CompressedOops enabled, and the Java Heap may be blocking the growth of the native heap
# Possible solutions:
#   Reduce memory load on the system
#   Increase physical memory or swap space
#   Check if swap backing store is full
#   Decrease Java heap size (-Xmx/-Xms)
#   Decrease number of Java threads
#   Decrease Java thread stack sizes (-Xss)
#   Set larger code cache with -XX:ReservedCodeCacheSize=
#   JVM is running with Zero Based Compressed Oops mode in which the Java heap is
#     placed in the first 32GB address space. The Java Heap base address is the
#     maximum limit for the native heap growth. Please use -XX:HeapBaseMinAddress
#     to set the Java Heap base and to place the Java Heap above 32GB virtual address.
# This output file may be truncated or incomplete.
#
#  Out of Memory Error (os_windows.cpp:3898), pid=47928, tid=92352
#
# JRE version:  (21.0.7) (build )
# Java VM: OpenJDK 64-Bit Server VM (21.0.7+-13880790-b1038.58, mixed mode, sharing, tiered, compressed oops, compressed class ptrs, g1 gc, windows-amd64)
# No core dump will be written. Minidumps are not enabled by default on client versions of Windows
#

---------------  S U M M A R Y ------------

Command Line: org.jetbrains.kotlin.cli.jvm.K2JVMCompiler @D:\astria\Ping Parent\pp-mobile-user\build\device_info_plus\20260301_7986934511130510890.compiler.options

Host: Intel(R) Core(TM) i5-8265U CPU @ 1.60GHz, 8 cores, 11G,  Windows 11 , 64 bit Build 26100 (10.0.26100.7705)
Time: Sun Mar  1 22:37:04 2026 India Standard Time elapsed time: 2.025421 seconds (0d 0h 0m 2s)

---------------  T H R E A D  ---------------

Current thread (0x000001f6c98698a0):  JavaThread "Unknown thread" [_thread_in_vm, id=92352, stack(0x0000000112100000,0x0000000112200000) (1024K)]

Stack: [0x0000000112100000,0x0000000112200000]
Native frames: (J=compiled Java code, j=interpreted, Vv=VM code, C=native code)
V  [jvm.dll+0x6d25c9]
V  [jvm.dll+0x860923]
V  [jvm.dll+0x862e7e]
V  [jvm.dll+0x863563]
V  [jvm.dll+0x27f156]
V  [jvm.dll+0x6ceee5]
V  [jvm.dll+0x6c29aa]
V  [jvm.dll+0x355ebb]
V  [jvm.dll+0x35db16]
V  [jvm.dll+0x3afb16]
V  [jvm.dll+0x3afde8]
V  [jvm.dll+0x32855c]
V  [jvm.dll+0x32924b]
V  [jvm.dll+0x828379]
V  [jvm.dll+0x3bcce8]
V  [jvm.dll+0x811628]
V  [jvm.dll+0x45121e]
V  [jvm.dll+0x452981]
C  [jli.dll+0x52ab]
C  [ucrtbase.dll+0x37b0]
C  [KERNEL32.DLL+0x2e8d7]
C  [ntdll.dll+0x8c40c]


---------------  P R O C E S S  ---------------

Threads class SMR info:
_java_thread_list=0x00007ff852184888, length=0, elements={
}

Java Threads: ( => current thread )
Total: 0

Other Threads:
  0x000001f6c98bc330 WorkerThread "GC Thread#0"                     [id=92012, stack(0x0000000112200000,0x0000000112300000) (1024K)]
  0x000001f6c98ca170 ConcurrentGCThread "G1 Main Marker"            [id=91408, stack(0x0000000112300000,0x0000000112400000) (1024K)]
  0x000001f6c98cbc20 WorkerThread "G1 Conc#0"                       [id=93148, stack(0x0000000112400000,0x0000000112500000) (1024K)]

[error occurred during error reporting (printing all threads), id 0xc0000005, EXCEPTION_ACCESS_VIOLATION (0xc0000005) at pc=0x00007ff85197b5b7]
VM state: not at safepoint (not fully initialized)

VM Mutex/Monitor currently owned by a thread:  ([mutex/lock_event])
[0x00007ff8521f1568] Heap_lock - owner thread: 0x000001f6c98698a0

Heap address: 0x0000000741e00000, size: 3042 MB, Compressed Oops mode: Zero based, Oop shift amount: 3

CDS archive(s) mapped at: [0x0000000000000000-0x0000000000000000-0x0000000000000000), size 0, SharedBaseAddress: 0x0000000800000000, ArchiveRelocationMode: 1.
Narrow klass base: 0x0000000000000000, Narrow klass shift: 0, Narrow klass range: 0x0

GC Precious Log:
 CardTable entry size: 512
 Card Set container configuration: InlinePtr #cards 4 size 8 Array Of Cards #cards 16 size 48 Howl #buckets 8 coarsen threshold 3686 Howl Bitmap #cards 512 size 80 coarsen threshold 460 Card regions per heap region 1 cards per card region 4096

Heap:
 garbage-first heap   total 0K, used 0K [0x0000000741e00000, 0x0000000800000000)
  region size 2048K, 0 young (0K), 0 survivors (0K)
 Metaspace       used 0K, committed 0K, reserved 0K
  class space    used 0K, committed 0K, reserved 0K

Heap Regions: E=young(eden), S=young(survivor), O=old, HS=humongous(starts), HC=humongous(continues), CS=collection set, F=free, TAMS=top-at-mark-start, PB=parsable bottom

Card table byte_map: [0x000001f6dc300000,0x000001f6dc900000] _byte_map_base: 0x000001f6d88f1000

Marking Bits: (CMBitMap*) 0x000001f6c98bca30
 Bits: [0x000001f6dc900000, 0x000001f6df888000)

GC Heap History (0 events):
No events

Dll operation events (1 events):
Event: 0.011 Loaded shared library C:\Program Files\Android\Android Studio\jbr\bin\java.dll

Deoptimization events (0 events):
No events

Classes loaded (0 events):
No events

Classes unloaded (0 events):
No events

Classes redefined (0 events):
No events

Internal exceptions (0 events):
No events

ZGC Phase Switch (0 events):
No events

VM Operations (0 events):
No events

Memory protections (0 events):
No events

Nmethod flushes (0 events):
No events

Events (0 events):
No events


Dynamic libraries:
0x00007ff6fa440000 - 0x00007ff6fa44a000 	C:\Program Files\Android\Android Studio\jbr\bin\java.exe
0x00007ff8b4200000 - 0x00007ff8b4468000 	C:\WINDOWS\SYSTEM32\ntdll.dll
0x00007ff8b2f40000 - 0x00007ff8b3009000 	C:\WINDOWS\System32\KERNEL32.DLL
0x00007ff8b18f0000 - 0x00007ff8b1ce1000 	C:\WINDOWS\System32\KERNELBASE.dll
0x00007ff8b0f30000 - 0x00007ff8b107b000 	C:\WINDOWS\System32\ucrtbase.dll
0x00007ff894290000 - 0x00007ff8942a8000 	C:\Program Files\Android\Android Studio\jbr\bin\jli.dll
0x00007ff8b26d0000 - 0x00007ff8b2896000 	C:\WINDOWS\System32\USER32.dll
0x00007ff8b0da0000 - 0x00007ff8b0dc7000 	C:\WINDOWS\System32\win32u.dll
0x00007ff88f580000 - 0x00007ff88f59b000 	C:\Program Files\Android\Android Studio\jbr\bin\VCRUNTIME140.dll
0x00007ff8b3010000 - 0x00007ff8b303b000 	C:\WINDOWS\System32\GDI32.dll
0x00007ff8a0040000 - 0x00007ff8a02d3000 	C:\WINDOWS\WinSxS\amd64_microsoft.windows.common-controls_6595b64144ccf1df_6.0.26100.7824_none_3e0870b2e3345462\COMCTL32.dll
0x00007ff8b1e70000 - 0x00007ff8b1f9b000 	C:\WINDOWS\System32\gdi32full.dll
0x00007ff8b28a0000 - 0x00007ff8b2949000 	C:\WINDOWS\System32\msvcrt.dll
0x00007ff8b0dd0000 - 0x00007ff8b0e73000 	C:\WINDOWS\System32\msvcp_win.dll
0x00007ff8b38b0000 - 0x00007ff8b38e1000 	C:\WINDOWS\System32\IMM32.DLL
0x00007ff8a1220000 - 0x00007ff8a122c000 	C:\Program Files\Android\Android Studio\jbr\bin\vcruntime140_1.dll
0x00007ff871ad0000 - 0x00007ff871b5d000 	C:\Program Files\Android\Android Studio\jbr\bin\msvcp140.dll
0x00007ff851640000 - 0x00007ff8522ce000 	C:\Program Files\Android\Android Studio\jbr\bin\server\jvm.dll
0x00007ff8b2ba0000 - 0x00007ff8b2c54000 	C:\WINDOWS\System32\ADVAPI32.dll
0x00007ff8b35e0000 - 0x00007ff8b3686000 	C:\WINDOWS\System32\sechost.dll
0x00007ff8b2c60000 - 0x00007ff8b2d78000 	C:\WINDOWS\System32\RPCRT4.dll
0x00007ff8b2e00000 - 0x00007ff8b2e74000 	C:\WINDOWS\System32\WS2_32.dll
0x00007ff8aa6a0000 - 0x00007ff8aa6ab000 	C:\WINDOWS\SYSTEM32\VERSION.dll
0x00007ff8aa880000 - 0x00007ff8aa8b5000 	C:\WINDOWS\SYSTEM32\WINMM.dll
0x00007ff8b0960000 - 0x00007ff8b09be000 	C:\WINDOWS\SYSTEM32\POWRPROF.dll
0x00007ff8b0940000 - 0x00007ff8b0954000 	C:\WINDOWS\SYSTEM32\UMPDC.dll
0x00007ff8af880000 - 0x00007ff8af89b000 	C:\WINDOWS\SYSTEM32\kernel.appcore.dll
0x00007ff8a1150000 - 0x00007ff8a115a000 	C:\Program Files\Android\Android Studio\jbr\bin\jimage.dll
0x00007ff8ac160000 - 0x00007ff8ac3a2000 	C:\WINDOWS\SYSTEM32\DBGHELP.DLL
0x00007ff8b3040000 - 0x00007ff8b33c6000 	C:\WINDOWS\System32\combase.dll
0x00007ff8b25f0000 - 0x00007ff8b26c7000 	C:\WINDOWS\System32\OLEAUT32.dll
0x00007ff8ac120000 - 0x00007ff8ac15b000 	C:\WINDOWS\SYSTEM32\dbgcore.DLL
0x00007ff8b0e80000 - 0x00007ff8b0f25000 	C:\WINDOWS\System32\bcryptPrimitives.dll
0x00007ff88ae90000 - 0x00007ff88aeb0000 	C:\Program Files\Android\Android Studio\jbr\bin\java.dll

dbghelp: loaded successfully - version: 4.0.5 - missing functions: none
symbol engine: initialized successfully - sym options: 0x614 - pdb path: .;C:\Program Files\Android\Android Studio\jbr\bin;C:\WINDOWS\SYSTEM32;C:\WINDOWS\WinSxS\amd64_microsoft.windows.common-controls_6595b64144ccf1df_6.0.26100.7824_none_3e0870b2e3345462;C:\Program Files\Android\Android Studio\jbr\bin\server

VM Arguments:
java_command: org.jetbrains.kotlin.cli.jvm.K2JVMCompiler @D:\astria\Ping Parent\pp-mobile-user\build\device_info_plus\20260301_7986934511130510890.compiler.options
java_class_path (initial): C:\Users\gowth\.gradle\caches\modules-2\files-2.1\org.jetbrains.kotlin\kotlin-compiler-embeddable\2.1.0\988bf980588bbbcfa1ba19c1ffd7aa869b335a31\kotlin-compiler-embeddable-2.1.0.jar;C:\Users\gowth\.gradle\caches\modules-2\files-2.1\org.jetbrains.kotlin\kotlin-stdlib\2.1.0\85f8b81009cda5890e54ba67d64b5e599c645020\kotlin-stdlib-2.1.0.jar;C:\Users\gowth\.gradle\caches\modules-2\files-2.1\org.jetbrains.kotlin\kotlin-script-runtime\2.1.0\5909da8c57b75a117714ab0e348c86101b7a3284\kotlin-script-runtime-2.1.0.jar;C:\Users\gowth\.gradle\caches\modules-2\files-2.1\org.jetbrains.kotlin\kotlin-reflect\1.6.10\1cbe9c92c12a94eea200d23c2bbaedaf3daf5132\kotlin-reflect-1.6.10.jar;C:\Users\gowth\.gradle\caches\modules-2\files-2.1\org.jetbrains.kotlin\kotlin-daemon-embeddable\2.1.0\420bae1908e4a353f5b56c3c850d24d86367b25d\kotlin-daemon-embeddable-2.1.0.jar;C:\Users\gowth\.gradle\caches\modules-2\files-2.1\org.jetbrains.intellij.deps\trove4j\1.0.20200330\3afb14d5f9ceb459d724e907a21145e8ff394f02\trove4j-1.0.20200330.jar;C:\Users\gowth\.gradle\caches\modules-2\files-2.1\org.jetbrains.kotlinx\kotlinx-coroutines-core-jvm\1.6.4\2c997cd1c0ef33f3e751d3831929aeff1390cb30\kotlinx-coroutines-core-jvm-1.6.4.jar;C:\Users\gowth\.gradle\caches\modules-2\files-2.1\org.jetbrains\annotations\13.0\919f0dfe192fb4e063e7dacadee7f8bb9a2672a9\annotations-13.0.jar
Launcher Type: SUN_STANDARD

[Global flags]
     intx CICompilerCount                          = 4                                         {product} {ergonomic}
     uint ConcGCThreads                            = 2                                         {product} {ergonomic}
     uint G1ConcRefinementThreads                  = 8                                         {product} {ergonomic}
   size_t G1HeapRegionSize                         = 2097152                                   {product} {ergonomic}
    uintx GCDrainStackTargetSize                   = 64                                        {product} {ergonomic}
   size_t InitialHeapSize                          = 201326592                                 {product} {ergonomic}
   size_t MarkStackSize                            = 4194304                                   {product} {ergonomic}
   size_t MaxHeapSize                              = 3189768192                                {product} {ergonomic}
   size_t MinHeapDeltaBytes                        = 2097152                                   {product} {ergonomic}
   size_t MinHeapSize                              = 8388608                                   {product} {ergonomic}
    uintx NonNMethodCodeHeapSize                   = 5839372                                {pd product} {ergonomic}
    uintx NonProfiledCodeHeapSize                  = 122909434                              {pd product} {ergonomic}
    uintx ProfiledCodeHeapSize                     = 122909434                              {pd product} {ergonomic}
    uintx ReservedCodeCacheSize                    = 251658240                              {pd product} {ergonomic}
     bool SegmentedCodeCache                       = true                                      {product} {ergonomic}
   size_t SoftMaxHeapSize                          = 3189768192                             {manageable} {ergonomic}
     bool UseCompressedOops                        = true                           {product lp64_product} {ergonomic}
     bool UseG1GC                                  = true                                      {product} {ergonomic}
     bool UseLargePagesIndividualAllocation        = false                                  {pd product} {ergonomic}

Logging:
Log output configuration:
 #0: stdout all=warning uptime,level,tags foldmultilines=false
 #1: stderr all=off uptime,level,tags foldmultilines=false

Environment Variables:
JAVA_HOME=C:\Program Files\Android\Android Studio\jbr
CLASSPATH=D:\astria\Ping Parent\pp-mobile-user\android\\gradle\wrapper\gradle-wrapper.jar
PATH=C:\Program Files\Android\Android Studio\jbr\bin;C:\WINDOWS\system32;C:\WINDOWS;C:\WINDOWS\System32\Wbem;C:\WINDOWS\System32\WindowsPowerShell\v1.0\;C:\WINDOWS\System32\OpenSSH\;C:\Program Files\Git\cmd;C:\Program Files\nodejs\;D:\sdk\flutter\bin;C:\Users\gowth\AppData\Local\Microsoft\WindowsApps;C:\Users\gowth\AppData\Local\Programs\Microsoft VS Code\bin;C:\Users\gowth\AppData\Roaming\npm;D:\sdk\flutter\bin\mingit\cmd
USERNAME=gowth
OS=Windows_NT
PROCESSOR_IDENTIFIER=Intel64 Family 6 Model 142 Stepping 12, GenuineIntel
TMP=C:\Users\gowth\AppData\Local\Temp
TEMP=C:\Users\gowth\AppData\Local\Temp




Periodic native trim disabled

JNI global refs:
JNI global refs: 0, weak refs: 0

JNI global refs memory usage: 0, weak refs: 0

Process memory usage:
Resident Set Size: 12896K (0% of 12455716K total physical memory with 1399112K free physical memory)

OOME stack traces (most recent first):
Classloader memory used:

---------------  S Y S T E M  ---------------

OS:
 Windows 11 , 64 bit Build 26100 (10.0.26100.7705)
OS uptime: 3 days 23:48 hours

CPU: total 8 (initial active 8) (4 cores per cpu, 2 threads per core) family 6 model 142 stepping 12 microcode 0xfe, cx8, cmov, fxsr, ht, mmx, 3dnowpref, sse, sse2, sse3, ssse3, sse4.1, sse4.2, popcnt, lzcnt, tsc, tscinvbit, avx, avx2, aes, erms, clmul, bmi1, bmi2, adx, fma, vzeroupper, clflush, clflushopt, rdtscp, f16c
Processor Information for the first 8 processors :
  Max Mhz: 1800, Current Mhz: 1600, Mhz Limit: 1584

Memory: 4k page, system-wide physical 12163M (1365M free)
TotalPageFile size 34207M (AvailPageFile size 81M)
current process WorkingSet (physical memory assigned to process): 12M, peak: 12M
current process commit charge ("private bytes"): 60M, peak: 252M

vm_info: OpenJDK 64-Bit Server VM (21.0.7+-13880790-b1038.58) for windows-amd64 JRE (21.0.7+-13880790-b1038.58), built on 2025-08-04T20:56:21Z by "builder" with MS VC++ 16.10 / 16.11 (VS2019)

END.
